#-----------------------------------------------------------
# Vivado v2025.2 (64-bit)
# SW Build 6299465 on Fri Nov 14 19:35:11 GMT 2025
# IP Build 6300035 on Fri Nov 14 10:48:45 MST 2025
# SharedData Build 6298862 on Thu Nov 13 04:50:51 MST 2025
# Start of session at: Thu Apr  2 08:53:33 2026
# Process ID         : 11560
# Current directory  : C:/Users/varad/OneDrive/Documents/GitHub/GridLock AES/GridLock_AES
# Command line       : vivado.exe -gui_launcher_event rodinguilauncherevent13980 C:\Users\varad\OneDrive\Documents\GitHub\GridLock AES\GridLock_AES\GridLock_AES.xpr
# Log file           : C:/Users/varad/OneDrive/Documents/GitHub/GridLock AES/GridLock_AES/vivado.log
# Journal file       : C:/Users/varad/OneDrive/Documents/GitHub/GridLock AES/GridLock_AES\vivado.jou
# Running On         : AsusTuf_A16
# Platform           : Windows Server 2016 or Windows 10
# Operating System   : 26200
# Processor Detail   : AMD Ryzen 7 7735HS with Radeon Graphics        
# CPU Frequency      : 3194 MHz
# CPU Physical cores : 8
# CPU Logical cores  : 16
# Host memory        : 16366 MB
# Swap memory        : 8331 MB
# Total Virtual      : 24698 MB
# Available Virtual  : 4998 MB
#-----------------------------------------------------------
start_gui
open_project {C:/Users/varad/OneDrive/Documents/GitHub/GridLock AES/GridLock_AES/GridLock_AES.xpr}
update_compile_order -fileset sources_1
launch_simulation
launch_simulation
launch_simulation
launch_simulation
source aes_tb.tcl
close_sim
